../Drivers/STM32L1xx_HAL_Driver/Src/stm32l1xx_hal_tim.c:6435:13:TIM_Base_SetConfig	0	static
../Drivers/STM32L1xx_HAL_Driver/Src/stm32l1xx_hal_tim.c:6477:13:TIM_OC1_SetConfig	12	static
../Drivers/STM32L1xx_HAL_Driver/Src/stm32l1xx_hal_tim.c:6525:13:TIM_OC2_SetConfig	12	static
../Drivers/STM32L1xx_HAL_Driver/Src/stm32l1xx_hal_tim.c:6805:13:TIM_TI1_SetConfig	16	static
../Drivers/STM32L1xx_HAL_Driver/Src/stm32l1xx_hal_tim.c:7129:13:TIM_CCxChannelCmd	8	static
../Drivers/STM32L1xx_HAL_Driver/Src/stm32l1xx_hal_tim.c:6671:26:TIM_SlaveTimer_SetConfig.constprop	8	static
../Drivers/STM32L1xx_HAL_Driver/Src/stm32l1xx_hal_tim.c:370:13:HAL_TIM_Base_MspInit	0	static
../Drivers/STM32L1xx_HAL_Driver/Src/stm32l1xx_hal_tim.c:269:19:HAL_TIM_Base_Init	8	static
../Drivers/STM32L1xx_HAL_Driver/Src/stm32l1xx_hal_tim.c:385:13:HAL_TIM_Base_MspDeInit	0	static
../Drivers/STM32L1xx_HAL_Driver/Src/stm32l1xx_hal_tim.c:328:19:HAL_TIM_Base_DeInit	8	static
../Drivers/STM32L1xx_HAL_Driver/Src/stm32l1xx_hal_tim.c:401:19:HAL_TIM_Base_Start	0	static
../Drivers/STM32L1xx_HAL_Driver/Src/stm32l1xx_hal_tim.c:440:19:HAL_TIM_Base_Stop	0	static
../Drivers/STM32L1xx_HAL_Driver/Src/stm32l1xx_hal_tim.c:460:19:HAL_TIM_Base_Start_IT	0	static
../Drivers/STM32L1xx_HAL_Driver/Src/stm32l1xx_hal_tim.c:502:19:HAL_TIM_Base_Stop_IT	0	static
../Drivers/STM32L1xx_HAL_Driver/Src/stm32l1xx_hal_tim.c:527:19:HAL_TIM_Base_Start_DMA	16	static
../Drivers/STM32L1xx_HAL_Driver/Src/stm32l1xx_hal_tim.c:596:19:HAL_TIM_Base_Stop_DMA	8	static
../Drivers/STM32L1xx_HAL_Driver/Src/stm32l1xx_hal_tim.c:752:13:HAL_TIM_OC_MspInit	0	static
../Drivers/STM32L1xx_HAL_Driver/Src/stm32l1xx_hal_tim.c:651:19:HAL_TIM_OC_Init	8	static
../Drivers/STM32L1xx_HAL_Driver/Src/stm32l1xx_hal_tim.c:767:13:HAL_TIM_OC_MspDeInit	0	static
../Drivers/STM32L1xx_HAL_Driver/Src/stm32l1xx_hal_tim.c:710:19:HAL_TIM_OC_DeInit	8	static
../Drivers/STM32L1xx_HAL_Driver/Src/stm32l1xx_hal_tim.c:788:19:HAL_TIM_OC_Start	8	static
../Drivers/STM32L1xx_HAL_Driver/Src/stm32l1xx_hal_tim.c:836:19:HAL_TIM_OC_Stop	16	static
../Drivers/STM32L1xx_HAL_Driver/Src/stm32l1xx_hal_tim.c:865:19:HAL_TIM_OC_Start_IT	8	static
../Drivers/STM32L1xx_HAL_Driver/Src/stm32l1xx_hal_tim.c:952:19:HAL_TIM_OC_Stop_IT	16	static
../Drivers/STM32L1xx_HAL_Driver/Src/stm32l1xx_hal_tim.c:1023:19:HAL_TIM_OC_Start_DMA	16	static
../Drivers/STM32L1xx_HAL_Driver/Src/stm32l1xx_hal_tim.c:1181:19:HAL_TIM_OC_Stop_DMA	16	static
../Drivers/STM32L1xx_HAL_Driver/Src/stm32l1xx_hal_tim.c:1379:13:HAL_TIM_PWM_MspInit	0	static
../Drivers/STM32L1xx_HAL_Driver/Src/stm32l1xx_hal_tim.c:1278:19:HAL_TIM_PWM_Init	8	static
../Drivers/STM32L1xx_HAL_Driver/Src/stm32l1xx_hal_tim.c:1394:13:HAL_TIM_PWM_MspDeInit	0	static
../Drivers/STM32L1xx_HAL_Driver/Src/stm32l1xx_hal_tim.c:1337:19:HAL_TIM_PWM_DeInit	8	static
../Drivers/STM32L1xx_HAL_Driver/Src/stm32l1xx_hal_tim.c:1415:19:HAL_TIM_PWM_Start	0	static
../Drivers/STM32L1xx_HAL_Driver/Src/stm32l1xx_hal_tim.c:1463:19:HAL_TIM_PWM_Stop	0	static
../Drivers/STM32L1xx_HAL_Driver/Src/stm32l1xx_hal_tim.c:1492:19:HAL_TIM_PWM_Start_IT	0	static
../Drivers/STM32L1xx_HAL_Driver/Src/stm32l1xx_hal_tim.c:1579:19:HAL_TIM_PWM_Stop_IT	0	static
../Drivers/STM32L1xx_HAL_Driver/Src/stm32l1xx_hal_tim.c:1650:19:HAL_TIM_PWM_Start_DMA	0	static
../Drivers/STM32L1xx_HAL_Driver/Src/stm32l1xx_hal_tim.c:1807:19:HAL_TIM_PWM_Stop_DMA	0	static
../Drivers/STM32L1xx_HAL_Driver/Src/stm32l1xx_hal_tim.c:2005:13:HAL_TIM_IC_MspInit	0	static
../Drivers/STM32L1xx_HAL_Driver/Src/stm32l1xx_hal_tim.c:1904:19:HAL_TIM_IC_Init	8	static
../Drivers/STM32L1xx_HAL_Driver/Src/stm32l1xx_hal_tim.c:2020:13:HAL_TIM_IC_MspDeInit	0	static
../Drivers/STM32L1xx_HAL_Driver/Src/stm32l1xx_hal_tim.c:1963:19:HAL_TIM_IC_DeInit	8	static
../Drivers/STM32L1xx_HAL_Driver/Src/stm32l1xx_hal_tim.c:2041:19:HAL_TIM_IC_Start	8	static
../Drivers/STM32L1xx_HAL_Driver/Src/stm32l1xx_hal_tim.c:2090:19:HAL_TIM_IC_Stop	0	static
../Drivers/STM32L1xx_HAL_Driver/Src/stm32l1xx_hal_tim.c:2119:19:HAL_TIM_IC_Start_IT	8	static
../Drivers/STM32L1xx_HAL_Driver/Src/stm32l1xx_hal_tim.c:2208:19:HAL_TIM_IC_Stop_IT	0	static
../Drivers/STM32L1xx_HAL_Driver/Src/stm32l1xx_hal_tim.c:2279:19:HAL_TIM_IC_Start_DMA	32	static
../Drivers/STM32L1xx_HAL_Driver/Src/stm32l1xx_hal_tim.c:2434:19:HAL_TIM_IC_Stop_DMA	16	static
../Drivers/STM32L1xx_HAL_Driver/Src/stm32l1xx_hal_tim.c:2648:13:HAL_TIM_OnePulse_MspInit	0	static
../Drivers/STM32L1xx_HAL_Driver/Src/stm32l1xx_hal_tim.c:2538:19:HAL_TIM_OnePulse_Init	16	static
../Drivers/STM32L1xx_HAL_Driver/Src/stm32l1xx_hal_tim.c:2663:13:HAL_TIM_OnePulse_MspDeInit	0	static
../Drivers/STM32L1xx_HAL_Driver/Src/stm32l1xx_hal_tim.c:2605:19:HAL_TIM_OnePulse_DeInit	8	static
../Drivers/STM32L1xx_HAL_Driver/Src/stm32l1xx_hal_tim.c:2683:19:HAL_TIM_OnePulse_Start	0	static
../Drivers/STM32L1xx_HAL_Driver/Src/stm32l1xx_hal_tim.c:2728:19:HAL_TIM_OnePulse_Stop	0	static
../Drivers/STM32L1xx_HAL_Driver/Src/stm32l1xx_hal_tim.c:2763:19:HAL_TIM_OnePulse_Start_IT	0	static
../Drivers/STM32L1xx_HAL_Driver/Src/stm32l1xx_hal_tim.c:2814:19:HAL_TIM_OnePulse_Stop_IT	0	static
../Drivers/STM32L1xx_HAL_Driver/Src/stm32l1xx_hal_tim.c:3041:13:HAL_TIM_Encoder_MspInit	0	static
../Drivers/STM32L1xx_HAL_Driver/Src/stm32l1xx_hal_tim.c:2885:19:HAL_TIM_Encoder_Init	24	static
../Drivers/STM32L1xx_HAL_Driver/Src/stm32l1xx_hal_tim.c:3056:13:HAL_TIM_Encoder_MspDeInit	0	static
../Drivers/STM32L1xx_HAL_Driver/Src/stm32l1xx_hal_tim.c:2998:19:HAL_TIM_Encoder_DeInit	8	static
../Drivers/STM32L1xx_HAL_Driver/Src/stm32l1xx_hal_tim.c:3076:19:HAL_TIM_Encoder_Start	0	static
../Drivers/STM32L1xx_HAL_Driver/Src/stm32l1xx_hal_tim.c:3160:19:HAL_TIM_Encoder_Stop	8	static
../Drivers/STM32L1xx_HAL_Driver/Src/stm32l1xx_hal_tim.c:3217:19:HAL_TIM_Encoder_Start_IT	0	static
../Drivers/STM32L1xx_HAL_Driver/Src/stm32l1xx_hal_tim.c:3307:19:HAL_TIM_Encoder_Stop_IT	8	static
../Drivers/STM32L1xx_HAL_Driver/Src/stm32l1xx_hal_tim.c:3369:19:HAL_TIM_Encoder_Start_DMA	32	static
../Drivers/STM32L1xx_HAL_Driver/Src/stm32l1xx_hal_tim.c:3568:19:HAL_TIM_Encoder_Stop_DMA	16	static
../Drivers/STM32L1xx_HAL_Driver/Src/stm32l1xx_hal_tim.c:3830:19:HAL_TIM_OC_ConfigChannel	16	static
../Drivers/STM32L1xx_HAL_Driver/Src/stm32l1xx_hal_tim.c:3909:19:HAL_TIM_IC_ConfigChannel	24	static
../Drivers/STM32L1xx_HAL_Driver/Src/stm32l1xx_hal_tim.c:4008:19:HAL_TIM_PWM_ConfigChannel	16	static
../Drivers/STM32L1xx_HAL_Driver/Src/stm32l1xx_hal_tim.c:4122:19:HAL_TIM_OnePulse_ConfigChannel	32	static
../Drivers/STM32L1xx_HAL_Driver/Src/stm32l1xx_hal_tim.c:4315:19:HAL_TIM_DMABurst_MultiWriteStart	24	static
../Drivers/STM32L1xx_HAL_Driver/Src/stm32l1xx_hal_tim.c:4265:19:HAL_TIM_DMABurst_WriteStart	24	static
../Drivers/STM32L1xx_HAL_Driver/Src/stm32l1xx_hal_tim.c:4481:19:HAL_TIM_DMABurst_WriteStop	16	static
../Drivers/STM32L1xx_HAL_Driver/Src/stm32l1xx_hal_tim.c:4624:19:HAL_TIM_DMABurst_MultiReadStart	24	static
../Drivers/STM32L1xx_HAL_Driver/Src/stm32l1xx_hal_tim.c:4575:19:HAL_TIM_DMABurst_ReadStart	24	static
../Drivers/STM32L1xx_HAL_Driver/Src/stm32l1xx_hal_tim.c:4790:19:HAL_TIM_DMABurst_ReadStop	0	static
../Drivers/STM32L1xx_HAL_Driver/Src/stm32l1xx_hal_tim.c:4863:19:HAL_TIM_GenerateEvent	0	static
../Drivers/STM32L1xx_HAL_Driver/Src/stm32l1xx_hal_tim.c:4900:19:HAL_TIM_ConfigOCrefClear	16	static
../Drivers/STM32L1xx_HAL_Driver/Src/stm32l1xx_hal_tim.c:5039:19:HAL_TIM_ConfigClockSource	12	static
../Drivers/STM32L1xx_HAL_Driver/Src/stm32l1xx_hal_tim.c:5193:19:HAL_TIM_ConfigTI1Input	0	static
../Drivers/STM32L1xx_HAL_Driver/Src/stm32l1xx_hal_tim.c:5225:19:HAL_TIM_SlaveConfigSynchro	16	static
../Drivers/STM32L1xx_HAL_Driver/Src/stm32l1xx_hal_tim.c:5265:19:HAL_TIM_SlaveConfigSynchro_IT	16	static
../Drivers/STM32L1xx_HAL_Driver/Src/stm32l1xx_hal_tim.c:5308:10:HAL_TIM_ReadCapturedValue	0	static
../Drivers/STM32L1xx_HAL_Driver/Src/stm32l1xx_hal_tim.c:5392:13:HAL_TIM_PeriodElapsedCallback	0	static
../Drivers/STM32L1xx_HAL_Driver/Src/stm32l1xx_hal_tim.c:6360:13:TIM_DMAPeriodElapsedCplt	8	static
../Drivers/STM32L1xx_HAL_Driver/Src/stm32l1xx_hal_tim.c:5407:13:HAL_TIM_PeriodElapsedHalfCpltCallback	0	static
../Drivers/STM32L1xx_HAL_Driver/Src/stm32l1xx_hal_tim.c:6381:13:TIM_DMAPeriodElapsedHalfCplt	8	static
../Drivers/STM32L1xx_HAL_Driver/Src/stm32l1xx_hal_tim.c:5422:13:HAL_TIM_OC_DelayElapsedCallback	0	static
../Drivers/STM32L1xx_HAL_Driver/Src/stm32l1xx_hal_tim.c:5437:13:HAL_TIM_IC_CaptureCallback	0	static
../Drivers/STM32L1xx_HAL_Driver/Src/stm32l1xx_hal_tim.c:6262:6:TIM_DMACaptureCplt	8	static
../Drivers/STM32L1xx_HAL_Driver/Src/stm32l1xx_hal_tim.c:5452:13:HAL_TIM_IC_CaptureHalfCpltCallback	0	static
../Drivers/STM32L1xx_HAL_Driver/Src/stm32l1xx_hal_tim.c:6321:6:TIM_DMACaptureHalfCplt	8	static
../Drivers/STM32L1xx_HAL_Driver/Src/stm32l1xx_hal_tim.c:5467:13:HAL_TIM_PWM_PulseFinishedCallback	0	static
../Drivers/STM32L1xx_HAL_Driver/Src/stm32l1xx_hal_tim.c:6164:13:TIM_DMADelayPulseCplt	8	static
../Drivers/STM32L1xx_HAL_Driver/Src/stm32l1xx_hal_tim.c:5482:13:HAL_TIM_PWM_PulseFinishedHalfCpltCallback	0	static
../Drivers/STM32L1xx_HAL_Driver/Src/stm32l1xx_hal_tim.c:6223:13:TIM_DMADelayPulseHalfCplt	8	static
../Drivers/STM32L1xx_HAL_Driver/Src/stm32l1xx_hal_tim.c:5497:13:HAL_TIM_TriggerCallback	0	static
../Drivers/STM32L1xx_HAL_Driver/Src/stm32l1xx_hal_tim.c:3642:6:HAL_TIM_IRQHandler	8	static
../Drivers/STM32L1xx_HAL_Driver/Src/stm32l1xx_hal_tim.c:6397:13:TIM_DMATriggerCplt	8	static
../Drivers/STM32L1xx_HAL_Driver/Src/stm32l1xx_hal_tim.c:5512:13:HAL_TIM_TriggerHalfCpltCallback	0	static
../Drivers/STM32L1xx_HAL_Driver/Src/stm32l1xx_hal_tim.c:6418:13:TIM_DMATriggerHalfCplt	8	static
../Drivers/STM32L1xx_HAL_Driver/Src/stm32l1xx_hal_tim.c:5527:13:HAL_TIM_ErrorCallback	0	static
../Drivers/STM32L1xx_HAL_Driver/Src/stm32l1xx_hal_tim.c:6121:6:TIM_DMAError	8	static
../Drivers/STM32L1xx_HAL_Driver/Src/stm32l1xx_hal_tim.c:6001:22:HAL_TIM_Base_GetState	0	static
../Drivers/STM32L1xx_HAL_Driver/Src/stm32l1xx_hal_tim.c:6011:22:HAL_TIM_OC_GetState	0	static
../Drivers/STM32L1xx_HAL_Driver/Src/stm32l1xx_hal_tim.c:6021:22:HAL_TIM_PWM_GetState	0	static
../Drivers/STM32L1xx_HAL_Driver/Src/stm32l1xx_hal_tim.c:6031:22:HAL_TIM_IC_GetState	0	static
../Drivers/STM32L1xx_HAL_Driver/Src/stm32l1xx_hal_tim.c:6041:22:HAL_TIM_OnePulse_GetState	0	static
../Drivers/STM32L1xx_HAL_Driver/Src/stm32l1xx_hal_tim.c:6051:22:HAL_TIM_Encoder_GetState	0	static
../Drivers/STM32L1xx_HAL_Driver/Src/stm32l1xx_hal_tim.c:6061:23:HAL_TIM_GetActiveChannel	0	static
../Drivers/STM32L1xx_HAL_Driver/Src/stm32l1xx_hal_tim.c:6079:29:HAL_TIM_GetChannelState	0	static
../Drivers/STM32L1xx_HAL_Driver/Src/stm32l1xx_hal_tim.c:6096:30:HAL_TIM_DMABurstState	0	static
