../Drivers/STM32L1xx_HAL_Driver/Src/stm32l1xx_hal_uart.c:3311:13:UART_EndRxTransfer	0	static,ignoring_inline_asm
../Drivers/STM32L1xx_HAL_Driver/Src/stm32l1xx_hal_uart.c:3671:13:UART_SetConfig	8	static
../Drivers/STM32L1xx_HAL_Driver/Src/stm32l1xx_hal_uart.c:3173:26:UART_WaitOnFlagUntilTimeout.constprop	24	static,ignoring_inline_asm
../Drivers/STM32L1xx_HAL_Driver/Src/stm32l1xx_hal_uart.c:709:13:HAL_UART_MspInit	0	static
../Drivers/STM32L1xx_HAL_Driver/Src/stm32l1xx_hal_uart.c:353:19:HAL_UART_Init	8	static
../Drivers/STM32L1xx_HAL_Driver/Src/stm32l1xx_hal_uart.c:429:19:HAL_HalfDuplex_Init	8	static
../Drivers/STM32L1xx_HAL_Driver/Src/stm32l1xx_hal_uart.c:503:19:HAL_LIN_Init	16	static
../Drivers/STM32L1xx_HAL_Driver/Src/stm32l1xx_hal_uart.c:585:19:HAL_MultiProcessor_Init	16	static
../Drivers/STM32L1xx_HAL_Driver/Src/stm32l1xx_hal_uart.c:724:13:HAL_UART_MspDeInit	0	static
../Drivers/STM32L1xx_HAL_Driver/Src/stm32l1xx_hal_uart.c:663:19:HAL_UART_DeInit	8	static
../Drivers/STM32L1xx_HAL_Driver/Src/stm32l1xx_hal_uart.c:1129:19:HAL_UART_Transmit	32	static
../Drivers/STM32L1xx_HAL_Driver/Src/stm32l1xx_hal_uart.c:1211:19:HAL_UART_Receive	32	static
../Drivers/STM32L1xx_HAL_Driver/Src/stm32l1xx_hal_uart.c:1296:19:HAL_UART_Transmit_IT	0	static
../Drivers/STM32L1xx_HAL_Driver/Src/stm32l1xx_hal_uart.c:1367:19:HAL_UART_Transmit_DMA	16	static,ignoring_inline_asm
../Drivers/STM32L1xx_HAL_Driver/Src/stm32l1xx_hal_uart.c:1456:19:HAL_UART_DMAPause	0	static,ignoring_inline_asm
../Drivers/STM32L1xx_HAL_Driver/Src/stm32l1xx_hal_uart.c:1487:19:HAL_UART_DMAResume	8	static,ignoring_inline_asm
../Drivers/STM32L1xx_HAL_Driver/Src/stm32l1xx_hal_uart.c:1521:19:HAL_UART_DMAStop	8	static,ignoring_inline_asm
../Drivers/STM32L1xx_HAL_Driver/Src/stm32l1xx_hal_uart.c:1576:19:HAL_UARTEx_ReceiveToIdle	40	static
../Drivers/STM32L1xx_HAL_Driver/Src/stm32l1xx_hal_uart.c:1829:29:HAL_UARTEx_GetRxEventType	0	static
../Drivers/STM32L1xx_HAL_Driver/Src/stm32l1xx_hal_uart.c:1847:19:HAL_UART_Abort	8	static,ignoring_inline_asm
../Drivers/STM32L1xx_HAL_Driver/Src/stm32l1xx_hal_uart.c:1936:19:HAL_UART_AbortTransmit	8	static,ignoring_inline_asm
../Drivers/STM32L1xx_HAL_Driver/Src/stm32l1xx_hal_uart.c:1987:19:HAL_UART_AbortReceive	8	static,ignoring_inline_asm
../Drivers/STM32L1xx_HAL_Driver/Src/stm32l1xx_hal_uart.c:2580:13:HAL_UART_TxCpltCallback	0	static
../Drivers/STM32L1xx_HAL_Driver/Src/stm32l1xx_hal_uart.c:2976:13:UART_DMATransmitCplt	8	static,ignoring_inline_asm
../Drivers/STM32L1xx_HAL_Driver/Src/stm32l1xx_hal_uart.c:2595:13:HAL_UART_TxHalfCpltCallback	0	static
../Drivers/STM32L1xx_HAL_Driver/Src/stm32l1xx_hal_uart.c:3011:13:UART_DMATxHalfCplt	8	static
../Drivers/STM32L1xx_HAL_Driver/Src/stm32l1xx_hal_uart.c:2610:13:HAL_UART_RxCpltCallback	0	static
../Drivers/STM32L1xx_HAL_Driver/Src/stm32l1xx_hal_uart.c:2625:13:HAL_UART_RxHalfCpltCallback	0	static
../Drivers/STM32L1xx_HAL_Driver/Src/stm32l1xx_hal_uart.c:2640:13:HAL_UART_ErrorCallback	0	static
../Drivers/STM32L1xx_HAL_Driver/Src/stm32l1xx_hal_uart.c:3131:13:UART_DMAError	8	static,ignoring_inline_asm
../Drivers/STM32L1xx_HAL_Driver/Src/stm32l1xx_hal_uart.c:3335:13:UART_DMAAbortOnError	8	static
../Drivers/STM32L1xx_HAL_Driver/Src/stm32l1xx_hal_uart.c:2654:13:HAL_UART_AbortCpltCallback	0	static
../Drivers/STM32L1xx_HAL_Driver/Src/stm32l1xx_hal_uart.c:2048:19:HAL_UART_Abort_IT	16	static,ignoring_inline_asm
../Drivers/STM32L1xx_HAL_Driver/Src/stm32l1xx_hal_uart.c:3405:13:UART_DMARxAbortCallback	8	static
../Drivers/STM32L1xx_HAL_Driver/Src/stm32l1xx_hal_uart.c:3359:13:UART_DMATxAbortCallback	8	static
../Drivers/STM32L1xx_HAL_Driver/Src/stm32l1xx_hal_uart.c:2669:13:HAL_UART_AbortTransmitCpltCallback	0	static
../Drivers/STM32L1xx_HAL_Driver/Src/stm32l1xx_hal_uart.c:2183:19:HAL_UART_AbortTransmit_IT	8	static,ignoring_inline_asm
../Drivers/STM32L1xx_HAL_Driver/Src/stm32l1xx_hal_uart.c:3451:13:UART_DMATxOnlyAbortCallback	8	static
../Drivers/STM32L1xx_HAL_Driver/Src/stm32l1xx_hal_uart.c:2684:13:HAL_UART_AbortReceiveCpltCallback	0	static
../Drivers/STM32L1xx_HAL_Driver/Src/stm32l1xx_hal_uart.c:2260:19:HAL_UART_AbortReceive_IT	8	static,ignoring_inline_asm
../Drivers/STM32L1xx_HAL_Driver/Src/stm32l1xx_hal_uart.c:3479:13:UART_DMARxOnlyAbortCallback	8	static
../Drivers/STM32L1xx_HAL_Driver/Src/stm32l1xx_hal_uart.c:2701:13:HAL_UARTEx_RxEventCallback	0	static
../Drivers/STM32L1xx_HAL_Driver/Src/stm32l1xx_hal_uart.c:3092:13:UART_DMARxHalfCplt	8	static
../Drivers/STM32L1xx_HAL_Driver/Src/stm32l1xx_hal_uart.c:3030:13:UART_DMAReceiveCplt	8	static,ignoring_inline_asm
../Drivers/STM32L1xx_HAL_Driver/Src/stm32l1xx_hal_uart.c:3570:26:UART_Receive_IT.isra	16	static,ignoring_inline_asm
../Drivers/STM32L1xx_HAL_Driver/Src/stm32l1xx_hal_uart.c:2338:6:HAL_UART_IRQHandler	24	static,ignoring_inline_asm
../Drivers/STM32L1xx_HAL_Driver/Src/stm32l1xx_hal_uart.c:2741:19:HAL_LIN_SendBreak	0	static,ignoring_inline_asm
../Drivers/STM32L1xx_HAL_Driver/Src/stm32l1xx_hal_uart.c:2768:19:HAL_MultiProcessor_EnterMuteMode	0	static,ignoring_inline_asm
../Drivers/STM32L1xx_HAL_Driver/Src/stm32l1xx_hal_uart.c:2796:19:HAL_MultiProcessor_ExitMuteMode	0	static,ignoring_inline_asm
../Drivers/STM32L1xx_HAL_Driver/Src/stm32l1xx_hal_uart.c:2824:19:HAL_HalfDuplex_EnableTransmitter	0	static
../Drivers/STM32L1xx_HAL_Driver/Src/stm32l1xx_hal_uart.c:2859:19:HAL_HalfDuplex_EnableReceiver	0	static
../Drivers/STM32L1xx_HAL_Driver/Src/stm32l1xx_hal_uart.c:2916:23:HAL_UART_GetState	0	static
../Drivers/STM32L1xx_HAL_Driver/Src/stm32l1xx_hal_uart.c:2931:10:HAL_UART_GetError	0	static
../Drivers/STM32L1xx_HAL_Driver/Src/stm32l1xx_hal_uart.c:3212:19:UART_Start_Receive_IT	0	static
../Drivers/STM32L1xx_HAL_Driver/Src/stm32l1xx_hal_uart.c:1335:19:HAL_UART_Receive_IT	12	static
../Drivers/STM32L1xx_HAL_Driver/Src/stm32l1xx_hal_uart.c:1701:19:HAL_UARTEx_ReceiveToIdle_IT	24	static,ignoring_inline_asm
../Drivers/STM32L1xx_HAL_Driver/Src/stm32l1xx_hal_uart.c:3247:19:UART_Start_Receive_DMA	24	static,ignoring_inline_asm
../Drivers/STM32L1xx_HAL_Driver/Src/stm32l1xx_hal_uart.c:1429:19:HAL_UART_Receive_DMA	12	static
../Drivers/STM32L1xx_HAL_Driver/Src/stm32l1xx_hal_uart.c:1761:19:HAL_UARTEx_ReceiveToIdle_DMA	24	static,ignoring_inline_asm
