../Drivers/STM32L1xx_HAL_Driver/Src/stm32l1xx_hal_spi.c:3894:13:SPI_AbortRx_ISR	8	static
../Drivers/STM32L1xx_HAL_Driver/Src/stm32l1xx_hal_spi.c:3930:13:SPI_AbortTx_ISR	0	static
../Drivers/STM32L1xx_HAL_Driver/Src/stm32l1xx_hal_spi.c:3518:26:SPI_WaitFlagStateUntilTimeout.constprop	32	static
../Drivers/STM32L1xx_HAL_Driver/Src/stm32l1xx_hal_spi.c:3585:26:SPI_EndRxTransaction	16	static
../Drivers/STM32L1xx_HAL_Driver/Src/stm32l1xx_hal_spi.c:3635:26:SPI_EndRxTxTransaction	24	static
../Drivers/STM32L1xx_HAL_Driver/Src/stm32l1xx_hal_spi.c:488:13:HAL_SPI_MspInit	0	static
../Drivers/STM32L1xx_HAL_Driver/Src/stm32l1xx_hal_spi.c:311:19:HAL_SPI_Init	8	static
../Drivers/STM32L1xx_HAL_Driver/Src/stm32l1xx_hal_spi.c:504:13:HAL_SPI_MspDeInit	0	static
../Drivers/STM32L1xx_HAL_Driver/Src/stm32l1xx_hal_spi.c:444:19:HAL_SPI_DeInit	8	static
../Drivers/STM32L1xx_HAL_Driver/Src/stm32l1xx_hal_spi.c:776:19:HAL_SPI_Transmit	40	static
../Drivers/STM32L1xx_HAL_Driver/Src/stm32l1xx_hal_spi.c:1149:19:HAL_SPI_TransmitReceive	40	static
../Drivers/STM32L1xx_HAL_Driver/Src/stm32l1xx_hal_spi.c:946:19:HAL_SPI_Receive	40	static
../Drivers/STM32L1xx_HAL_Driver/Src/stm32l1xx_hal_spi.c:1383:19:HAL_SPI_Transmit_IT	0	static
../Drivers/STM32L1xx_HAL_Driver/Src/stm32l1xx_hal_spi.c:1563:19:HAL_SPI_TransmitReceive_IT	16	static
../Drivers/STM32L1xx_HAL_Driver/Src/stm32l1xx_hal_spi.c:1468:19:HAL_SPI_Receive_IT	16	static
../Drivers/STM32L1xx_HAL_Driver/Src/stm32l1xx_hal_spi.c:1651:19:HAL_SPI_Transmit_DMA	16	static
../Drivers/STM32L1xx_HAL_Driver/Src/stm32l1xx_hal_spi.c:1872:19:HAL_SPI_TransmitReceive_DMA	16	static
../Drivers/STM32L1xx_HAL_Driver/Src/stm32l1xx_hal_spi.c:1758:19:HAL_SPI_Receive_DMA	24	static
../Drivers/STM32L1xx_HAL_Driver/Src/stm32l1xx_hal_spi.c:2016:19:HAL_SPI_Abort	24	static
../Drivers/STM32L1xx_HAL_Driver/Src/stm32l1xx_hal_spi.c:2326:19:HAL_SPI_DMAPause	0	static
../Drivers/STM32L1xx_HAL_Driver/Src/stm32l1xx_hal_spi.c:2346:19:HAL_SPI_DMAResume	0	static
../Drivers/STM32L1xx_HAL_Driver/Src/stm32l1xx_hal_spi.c:2366:19:HAL_SPI_DMAStop	16	static
../Drivers/STM32L1xx_HAL_Driver/Src/stm32l1xx_hal_spi.c:2520:13:HAL_SPI_TxCpltCallback	0	static
../Drivers/STM32L1xx_HAL_Driver/Src/stm32l1xx_hal_spi.c:2536:13:HAL_SPI_RxCpltCallback	0	static
../Drivers/STM32L1xx_HAL_Driver/Src/stm32l1xx_hal_spi.c:2552:13:HAL_SPI_TxRxCpltCallback	0	static
../Drivers/STM32L1xx_HAL_Driver/Src/stm32l1xx_hal_spi.c:2568:13:HAL_SPI_TxHalfCpltCallback	0	static
../Drivers/STM32L1xx_HAL_Driver/Src/stm32l1xx_hal_spi.c:2932:13:SPI_DMAHalfTransmitCplt	8	static
../Drivers/STM32L1xx_HAL_Driver/Src/stm32l1xx_hal_spi.c:2584:13:HAL_SPI_RxHalfCpltCallback	0	static
../Drivers/STM32L1xx_HAL_Driver/Src/stm32l1xx_hal_spi.c:2950:13:SPI_DMAHalfReceiveCplt	8	static
../Drivers/STM32L1xx_HAL_Driver/Src/stm32l1xx_hal_spi.c:2600:13:HAL_SPI_TxRxHalfCpltCallback	0	static
../Drivers/STM32L1xx_HAL_Driver/Src/stm32l1xx_hal_spi.c:2968:13:SPI_DMAHalfTransmitReceiveCplt	8	static
../Drivers/STM32L1xx_HAL_Driver/Src/stm32l1xx_hal_spi.c:2616:13:HAL_SPI_ErrorCallback	0	static
../Drivers/STM32L1xx_HAL_Driver/Src/stm32l1xx_hal_spi.c:3833:13:SPI_CloseTx_ISR	16	static
../Drivers/STM32L1xx_HAL_Driver/Src/stm32l1xx_hal_spi.c:3463:13:SPI_TxISR_8BIT	0	static
../Drivers/STM32L1xx_HAL_Driver/Src/stm32l1xx_hal_spi.c:3488:13:SPI_TxISR_16BIT	4	static
../Drivers/STM32L1xx_HAL_Driver/Src/stm32l1xx_hal_spi.c:3770:13:SPI_CloseRx_ISR	16	static
../Drivers/STM32L1xx_HAL_Driver/Src/stm32l1xx_hal_spi.c:3374:13:SPI_RxISR_8BIT	0	static
../Drivers/STM32L1xx_HAL_Driver/Src/stm32l1xx_hal_spi.c:3430:13:SPI_RxISR_16BIT	0	static
../Drivers/STM32L1xx_HAL_Driver/Src/stm32l1xx_hal_spi.c:3675:13:SPI_CloseRxTx_ISR	16	static
../Drivers/STM32L1xx_HAL_Driver/Src/stm32l1xx_hal_spi.c:3222:13:SPI_2linesTxISR_8BIT	0	static
../Drivers/STM32L1xx_HAL_Driver/Src/stm32l1xx_hal_spi.c:3159:13:SPI_2linesRxISR_8BIT	0	static
../Drivers/STM32L1xx_HAL_Driver/Src/stm32l1xx_hal_spi.c:3314:13:SPI_2linesTxISR_16BIT	4	static
../Drivers/STM32L1xx_HAL_Driver/Src/stm32l1xx_hal_spi.c:3258:13:SPI_2linesRxISR_16BIT	4	static
../Drivers/STM32L1xx_HAL_Driver/Src/stm32l1xx_hal_spi.c:2986:13:SPI_DMAError	8	static
../Drivers/STM32L1xx_HAL_Driver/Src/stm32l1xx_hal_spi.c:2706:13:SPI_DMATransmitCplt	24	static
../Drivers/STM32L1xx_HAL_Driver/Src/stm32l1xx_hal_spi.c:2763:13:SPI_DMAReceiveCplt	16	static
../Drivers/STM32L1xx_HAL_Driver/Src/stm32l1xx_hal_spi.c:2852:13:SPI_DMATransmitReceiveCplt	16	static
../Drivers/STM32L1xx_HAL_Driver/Src/stm32l1xx_hal_spi.c:2406:6:HAL_SPI_IRQHandler	32	static
../Drivers/STM32L1xx_HAL_Driver/Src/stm32l1xx_hal_spi.c:3009:13:SPI_DMAAbortOnError	8	static
../Drivers/STM32L1xx_HAL_Driver/Src/stm32l1xx_hal_spi.c:2634:13:HAL_SPI_AbortCpltCallback	0	static
../Drivers/STM32L1xx_HAL_Driver/Src/stm32l1xx_hal_spi.c:2163:19:HAL_SPI_Abort_IT	32	static
../Drivers/STM32L1xx_HAL_Driver/Src/stm32l1xx_hal_spi.c:3098:13:SPI_DMARxAbortCallback	16	static
../Drivers/STM32L1xx_HAL_Driver/Src/stm32l1xx_hal_spi.c:3031:13:SPI_DMATxAbortCallback	24	static
../Drivers/STM32L1xx_HAL_Driver/Src/stm32l1xx_hal_spi.c:2669:22:HAL_SPI_GetState	0	static
../Drivers/STM32L1xx_HAL_Driver/Src/stm32l1xx_hal_spi.c:2681:10:HAL_SPI_GetError	0	static
