../Drivers/STM32L1xx_HAL_Driver/Src/stm32l1xx_hal_adc.c:820:13:HAL_ADC_MspInit	0	static
../Drivers/STM32L1xx_HAL_Driver/Src/stm32l1xx_hal_adc.c:422:19:HAL_ADC_Init	24	static,ignoring_inline_asm
../Drivers/STM32L1xx_HAL_Driver/Src/stm32l1xx_hal_adc.c:835:13:HAL_ADC_MspDeInit	0	static
../Drivers/STM32L1xx_HAL_Driver/Src/stm32l1xx_hal_adc.c:1204:19:HAL_ADC_PollForConversion	16	static
../Drivers/STM32L1xx_HAL_Driver/Src/stm32l1xx_hal_adc.c:1301:19:HAL_ADC_PollForEvent	24	static
../Drivers/STM32L1xx_HAL_Driver/Src/stm32l1xx_hal_adc.c:1666:10:HAL_ADC_GetValue	0	static
../Drivers/STM32L1xx_HAL_Driver/Src/stm32l1xx_hal_adc.c:1841:13:HAL_ADC_ConvCpltCallback	0	static
../Drivers/STM32L1xx_HAL_Driver/Src/stm32l1xx_hal_adc.c:2296:13:ADC_DMAConvCplt	8	static
../Drivers/STM32L1xx_HAL_Driver/Src/stm32l1xx_hal_adc.c:1856:13:HAL_ADC_ConvHalfCpltCallback	0	static
../Drivers/STM32L1xx_HAL_Driver/Src/stm32l1xx_hal_adc.c:2352:13:ADC_DMAHalfConvCplt	8	static
../Drivers/STM32L1xx_HAL_Driver/Src/stm32l1xx_hal_adc.c:1871:13:HAL_ADC_LevelOutOfWindowCallback	0	static
../Drivers/STM32L1xx_HAL_Driver/Src/stm32l1xx_hal_adc.c:1893:13:HAL_ADC_ErrorCallback	0	static
../Drivers/STM32L1xx_HAL_Driver/Src/stm32l1xx_hal_adc.c:2370:13:ADC_DMAError	8	static
../Drivers/STM32L1xx_HAL_Driver/Src/stm32l1xx_hal_adc.c:1683:6:HAL_ADC_IRQHandler	16	static
../Drivers/STM32L1xx_HAL_Driver/Src/stm32l1xx_hal_adc.c:1942:19:HAL_ADC_ConfigChannel	24	static
../Drivers/STM32L1xx_HAL_Driver/Src/stm32l1xx_hal_adc.c:2067:19:HAL_ADC_AnalogWDGConfig	12	static
../Drivers/STM32L1xx_HAL_Driver/Src/stm32l1xx_hal_adc.c:2154:10:HAL_ADC_GetState	0	static
../Drivers/STM32L1xx_HAL_Driver/Src/stm32l1xx_hal_adc.c:2165:10:HAL_ADC_GetError	0	static
../Drivers/STM32L1xx_HAL_Driver/Src/stm32l1xx_hal_adc.c:2195:19:ADC_Enable	24	static
../Drivers/STM32L1xx_HAL_Driver/Src/stm32l1xx_hal_adc.c:1081:19:HAL_ADC_Start	8	static
../Drivers/STM32L1xx_HAL_Driver/Src/stm32l1xx_hal_adc.c:1375:19:HAL_ADC_Start_IT	8	static
../Drivers/STM32L1xx_HAL_Driver/Src/stm32l1xx_hal_adc.c:1497:19:HAL_ADC_Start_DMA	24	static
../Drivers/STM32L1xx_HAL_Driver/Src/stm32l1xx_hal_adc.c:2254:19:ADC_ConversionStop_Disable	16	static
../Drivers/STM32L1xx_HAL_Driver/Src/stm32l1xx_hal_adc.c:671:19:HAL_ADC_DeInit	16	static
../Drivers/STM32L1xx_HAL_Driver/Src/stm32l1xx_hal_adc.c:1156:19:HAL_ADC_Stop	8	static
../Drivers/STM32L1xx_HAL_Driver/Src/stm32l1xx_hal_adc.c:1451:19:HAL_ADC_Stop_IT	8	static
../Drivers/STM32L1xx_HAL_Driver/Src/stm32l1xx_hal_adc.c:1597:19:HAL_ADC_Stop_DMA	16	static
