../Drivers/STM32L1xx_HAL_Driver/Src/stm32l1xx_hal_rcc.c:1341:26:RCC_SetFlashLatencyFromMSIRange	8	static
../Drivers/STM32L1xx_HAL_Driver/Src/stm32l1xx_hal_rcc.c:226:19:HAL_RCC_DeInit	16	static
../Drivers/STM32L1xx_HAL_Driver/Src/stm32l1xx_hal_rcc.c:322:19:HAL_RCC_OscConfig	40	static
../Drivers/STM32L1xx_HAL_Driver/Src/stm32l1xx_hal_rcc.c:1003:6:HAL_RCC_MCOConfig	40	static
../Drivers/STM32L1xx_HAL_Driver/Src/stm32l1xx_hal_rcc.c:1037:6:HAL_RCC_EnableCSS	0	static
../Drivers/STM32L1xx_HAL_Driver/Src/stm32l1xx_hal_rcc.c:1046:6:HAL_RCC_DisableCSS	0	static
../Drivers/STM32L1xx_HAL_Driver/Src/stm32l1xx_hal_rcc.c:1081:10:HAL_RCC_GetSysClockFreq	8	static
../Drivers/STM32L1xx_HAL_Driver/Src/stm32l1xx_hal_rcc.c:797:19:HAL_RCC_ClockConfig	24	static
../Drivers/STM32L1xx_HAL_Driver/Src/stm32l1xx_hal_rcc.c:1137:10:HAL_RCC_GetHCLKFreq	0	static
../Drivers/STM32L1xx_HAL_Driver/Src/stm32l1xx_hal_rcc.c:1148:10:HAL_RCC_GetPCLK1Freq	0	static
../Drivers/STM32L1xx_HAL_Driver/Src/stm32l1xx_hal_rcc.c:1160:10:HAL_RCC_GetPCLK2Freq	0	static
../Drivers/STM32L1xx_HAL_Driver/Src/stm32l1xx_hal_rcc.c:1173:6:HAL_RCC_GetOscConfig	0	static
../Drivers/STM32L1xx_HAL_Driver/Src/stm32l1xx_hal_rcc.c:1269:6:HAL_RCC_GetClockConfig	0	static
../Drivers/STM32L1xx_HAL_Driver/Src/stm32l1xx_hal_rcc.c:1316:13:HAL_RCC_CSSCallback	0	static
../Drivers/STM32L1xx_HAL_Driver/Src/stm32l1xx_hal_rcc.c:1299:6:HAL_RCC_NMI_IRQHandler	8	static
