../Core/Src/stm32l1xx_it.c:91:6:NMI_Handler	0	static
../Core/Src/stm32l1xx_it.c:106:6:HardFault_Handler	0	static
../Core/Src/stm32l1xx_it.c:121:6:MemManage_Handler	0	static
../Core/Src/stm32l1xx_it.c:136:6:BusFault_Handler	0	static
../Core/Src/stm32l1xx_it.c:151:6:UsageFault_Handler	0	static
../Core/Src/stm32l1xx_it.c:166:6:SVC_Handler	0	static
../Core/Src/stm32l1xx_it.c:179:6:DebugMon_Handler	0	static
../Core/Src/stm32l1xx_it.c:192:6:PendSV_Handler	0	static
../Core/Src/stm32l1xx_it.c:205:6:SysTick_Handler	0	static
../Core/Src/stm32l1xx_it.c:226:6:DMA1_Channel1_IRQHandler	0	static
../Core/Src/stm32l1xx_it.c:240:6:DMA1_Channel4_IRQHandler	0	static
../Core/Src/stm32l1xx_it.c:254:6:DMA1_Channel6_IRQHandler	0	static
../Core/Src/stm32l1xx_it.c:268:6:ADC1_IRQHandler	0	static
../Core/Src/stm32l1xx_it.c:282:6:TIM2_IRQHandler	0	static
../Core/Src/stm32l1xx_it.c:296:6:USART1_IRQHandler	0	static
../Core/Src/stm32l1xx_it.c:310:6:USART2_IRQHandler	0	static
../Core/Src/stm32l1xx_it.c:324:6:TIM6_IRQHandler	8	static
../Core/Src/stm32l1xx_it.c:339:6:TIM7_IRQHandler	8	static
